[2023-07-10T15:04:00.126+0300][2961.715s] GC(13) Metaspace: 52452K(52928K)->52452K(52928K) NonClass: 46674K(46912K)->46674K(46912K) Class: 5777K(6016K)->5777K(6016K)
[2023-07-10T15:04:00.127+0300][2961.716s] GC(13) Pause Young (Normal) (G1 Evacuation Pause) 318M->147M(1024M) 103.508ms
[2023-07-10T15:04:00.127+0300][2961.716s] GC(13) User=0.02s Sys=0.03s Real=0.11s
[2023-07-10T15:18:40.024+0300][3841.613s] GC(14) Pause Young (Normal) (G1 Evacuation Pause)
[2023-07-10T15:18:40.027+0300][3841.616s] GC(14) Using 4 workers of 4 for evacuation
[2023-07-10T15:18:40.129+0300][3841.718s] GC(14)   Pre Evacuate Collection Set: 8.6ms
[2023-07-10T15:18:40.129+0300][3841.718s] GC(14)   Merge Heap Roots: 1.3ms
[2023-07-10T15:18:40.129+0300][3841.719s] GC(14)   Evacuate Collection Set: 78.7ms
[2023-07-10T15:18:40.130+0300][3841.719s] GC(14)   Post Evacuate Collection Set: 11.6ms
[2023-07-10T15:18:40.130+0300][3841.719s] GC(14)   Other: 10.4ms
[2023-07-10T15:18:40.130+0300][3841.719s] GC(14) Eden regions: 172->0(186)
[2023-07-10T15:18:40.130+0300][3841.719s] GC(14) Survivor regions: 5->5(23)
[2023-07-10T15:18:40.130+0300][3841.719s] GC(14) Old regions: 124->124
[2023-07-10T15:18:40.130+0300][3841.719s] GC(14) Archive regions: 0->0
[2023-07-10T15:18:40.130+0300][3841.719s] GC(14) Humongous regions: 19->19
[2023-07-10T15:18:40.132+0300][3841.721s] GC(14) Metaspace: 52458K(52928K)->52458K(52928K) NonClass: 46680K(46912K)->46680K(46912K) Class: 5777K(6016K)->5777K(6016K)
[2023-07-10T15:18:40.132+0300][3841.721s] GC(14) Pause Young (Normal) (G1 Evacuation Pause) 319M->147M(1024M) 108.137ms
[2023-07-10T15:18:40.132+0300][3841.721s] GC(14) User=0.00s Sys=0.05s Real=0.11s
[2023-07-10T15:33:48.185+0300][4749.774s] GC(15) Pause Young (Normal) (G1 Evacuation Pause)
[2023-07-10T15:33:48.187+0300][4749.776s] GC(15) Using 4 workers of 4 for evacuation
[2023-07-10T15:33:48.427+0300][4750.016s] GC(15)   Pre Evacuate Collection Set: 8.5ms
[2023-07-10T15:33:48.427+0300][4750.016s] GC(15)   Merge Heap Roots: 1.7ms
[2023-07-10T15:33:48.427+0300][4750.016s] GC(15)   Evacuate Collection Set: 182.2ms
[2023-07-10T15:33:48.427+0300][4750.016s] GC(15)   Post Evacuate Collection Set: 46.2ms
[2023-07-10T15:33:48.427+0300][4750.017s] GC(15)   Other: 7.3ms
[2023-07-10T15:33:48.427+0300][4750.017s] GC(15) Eden regions: 186->0(65)
[2023-07-10T15:33:48.427+0300][4750.017s] GC(15) Survivor regions: 5->8(24)
[2023-07-10T15:33:48.427+0300][4750.017s] GC(15) Old regions: 124->124
[2023-07-10T15:33:48.427+0300][4750.017s] GC(15) Archive regions: 0->0
[2023-07-10T15:33:48.427+0300][4750.017s] GC(15) Humongous regions: 19->19
[2023-07-10T15:33:48.428+0300][4750.017s] GC(15) Metaspace: 52616K(53056K)->52616K(53056K) NonClass: 46826K(47040K)->46826K(47040K) Class: 5789K(6016K)->5789K(6016K)
[2023-07-10T15:33:48.429+0300][4750.018s] GC(15) Pause Young (Normal) (G1 Evacuation Pause) 333M->150M(1024M) 242.937ms
[2023-07-10T15:33:48.429+0300][4750.018s] GC(15) User=0.03s Sys=0.09s Real=0.24s
[2023-07-10T15:33:52.325+0300][4753.915s] GC(16) Pause Young (Normal) (G1 Evacuation Pause)
[2023-07-10T15:33:52.325+0300][4753.915s] GC(16) Using 4 workers of 4 for evacuation
[2023-07-10T15:33:52.353+0300][4753.942s] GC(16)   Pre Evacuate Collection Set: 0.1ms
[2023-07-10T15:33:52.354+0300][4753.943s] GC(16)   Merge Heap Roots: 0.1ms
[2023-07-10T15:33:52.354+0300][4753.943s] GC(16)   Evacuate Collection Set: 24.7ms
[2023-07-10T15:33:52.354+0300][4753.943s] GC(16)   Post Evacuate Collection Set: 2.2ms
[2023-07-10T15:33:52.354+0300][4753.943s] GC(16)   Other: 0.3ms
[2023-07-10T15:33:52.354+0300][4753.943s] GC(16) Eden regions: 65->0(192)
[2023-07-10T15:33:52.354+0300][4753.943s] GC(16) Survivor regions: 8->7(10)
[2023-07-10T15:33:52.354+0300][4753.943s] GC(16) Old regions: 124->128
[2023-07-10T15:33:52.354+0300][4753.943s] GC(16) Archive regions: 0->0
[2023-07-10T15:33:52.354+0300][4753.943s] GC(16) Humongous regions: 21->19
[2023-07-10T15:33:52.354+0300][4753.943s] GC(16) Metaspace: 52869K(53312K)->52869K(53312K) NonClass: 47054K(47296K)->47054K(47296K) Class: 5815K(6016K)->5815K(6016K)
[2023-07-10T15:33:52.354+0300][4753.943s] GC(16) Pause Young (Normal) (G1 Evacuation Pause) 217M->153M(1024M) 28.071ms
[2023-07-10T15:33:52.354+0300][4753.943s] GC(16) User=0.00s Sys=0.02s Real=0.03s
[2023-07-10T15:37:40.847+0300][4982.436s] GC(17) Pause Young (Normal) (G1 Evacuation Pause)
[2023-07-10T15:37:40.849+0300][4982.438s] GC(17) Using 4 workers of 4 for evacuation
[2023-07-10T15:37:40.948+0300][4982.538s] GC(17)   Pre Evacuate Collection Set: 4.6ms
[2023-07-10T15:37:40.948+0300][4982.538s] GC(17)   Merge Heap Roots: 0.7ms
[2023-07-10T15:37:40.948+0300][4982.538s] GC(17)   Evacuate Collection Set: 85.7ms
[2023-07-10T15:37:40.948+0300][4982.538s] GC(17)   Post Evacuate Collection Set: 8.0ms
[2023-07-10T15:37:40.948+0300][4982.538s] GC(17)   Other: 3.9ms
[2023-07-10T15:37:40.948+0300][4982.538s] GC(17) Eden regions: 192->0(207)
[2023-07-10T15:37:40.949+0300][4982.538s] GC(17) Survivor regions: 7->9(25)
[2023-07-10T15:37:40.949+0300][4982.538s] GC(17) Old regions: 128->128
[2023-07-10T15:37:40.949+0300][4982.538s] GC(17) Archive regions: 0->0
[2023-07-10T15:37:40.949+0300][4982.538s] GC(17) Humongous regions: 50->19
[2023-07-10T15:37:40.949+0300][4982.538s] GC(17) Metaspace: 53281K(53760K)->53281K(53760K) NonClass: 47445K(47680K)->47445K(47680K) Class: 5835K(6080K)->5835K(6080K)
[2023-07-10T15:37:40.949+0300][4982.538s] GC(17) Pause Young (Normal) (G1 Evacuation Pause) 376M->155M(1024M) 102.159ms
[2023-07-10T15:37:40.949+0300][4982.539s] GC(17) User=0.02s Sys=0.02s Real=0.10s
[2023-07-10T15:49:30.079+0300][5691.668s] GC(18) Pause Young (Normal) (G1 Evacuation Pause)
[2023-07-10T15:49:30.082+0300][5691.672s] GC(18) Using 4 workers of 4 for evacuation
[2023-07-10T15:49:30.285+0300][5691.874s] GC(18)   Pre Evacuate Collection Set: 14.5ms
[2023-07-10T15:49:30.285+0300][5691.874s] GC(18)   Merge Heap Roots: 3.4ms
[2023-07-10T15:49:30.285+0300][5691.874s] GC(18)   Evacuate Collection Set: 158.0ms
[2023-07-10T15:49:30.285+0300][5691.874s] GC(18)   Post Evacuate Collection Set: 21.7ms
[2023-07-10T15:49:30.285+0300][5691.874s] GC(18)   Other: 14.5ms
[2023-07-10T15:49:30.285+0300][5691.874s] GC(18) Eden regions: 207->0(195)
[2023-07-10T15:49:30.285+0300][5691.874s] GC(18) Survivor regions: 9->9(27)
[2023-07-10T15:49:30.285+0300][5691.874s] GC(18) Old regions: 128->128
[2023-07-10T15:49:30.285+0300][5691.874s] GC(18) Archive regions: 0->0
[2023-07-10T15:49:30.285+0300][5691.874s] GC(18) Humongous regions: 44->19
[2023-07-10T15:49:30.285+0300][5691.874s] GC(18) Metaspace: 53345K(53824K)->53345K(53824K) NonClass: 47509K(47744K)->47509K(47744K) Class: 5835K(6080K)->5835K(6080K)
[2023-07-10T15:49:30.285+0300][5691.875s] GC(18) Pause Young (Normal) (G1 Evacuation Pause) 387M->154M(1024M) 206.543ms
[2023-07-10T15:49:30.285+0300][5691.875s] GC(18) User=0.02s Sys=0.20s Real=0.21s
[2023-07-10T16:07:20.238+0300][6761.829s] GC(19) Pause Young (Normal) (G1 Evacuation Pause)
[2023-07-10T16:07:20.241+0300][6761.830s] GC(19) Using 4 workers of 4 for evacuation
[2023-07-10T16:07:20.326+0300][6761.915s] GC(19)   Pre Evacuate Collection Set: 3.3ms
[2023-07-10T16:07:20.326+0300][6761.915s] GC(19)   Merge Heap Roots: 0.7ms
[2023-07-10T16:07:20.326+0300][6761.915s] GC(19)   Evacuate Collection Set: 75.5ms
[2023-07-10T16:07:20.326+0300][6761.915s] GC(19)   Post Evacuate Collection Set: 3.5ms
[2023-07-10T16:07:20.326+0300][6761.915s] GC(19)   Other: 3.6ms
[2023-07-10T16:07:20.326+0300][6761.915s] GC(19) Eden regions: 195->0(320)
[2023-07-10T16:07:20.326+0300][6761.915s] GC(19) Survivor regions: 9->9(26)
[2023-07-10T16:07:20.326+0300][6761.915s] GC(19) Old regions: 128->128
[2023-07-10T16:07:20.326+0300][6761.915s] GC(19) Archive regions: 0->0
[2023-07-10T16:07:20.326+0300][6761.915s] GC(19) Humongous regions: 19->19
[2023-07-10T16:07:20.326+0300][6761.915s] GC(19) Metaspace: 53435K(53888K)->53435K(53888K) NonClass: 47596K(47808K)->47596K(47808K) Class: 5838K(6080K)->5838K(6080K)
[2023-07-10T16:07:20.326+0300][6761.915s] GC(19) Pause Young (Normal) (G1 Evacuation Pause) 349M->154M(1024M) 86.548ms
[2023-07-10T16:07:20.326+0300][6761.915s] GC(19) User=0.00s Sys=0.00s Real=0.09s
[2023-07-10T16:07:22.950+0300][6764.539s] Heap
[2023-07-10T16:07:22.950+0300][6764.539s]  garbage-first heap   total 1048576K, used 164161K [0x00000000c0000000, 0x0000000100000000)
[2023-07-10T16:07:22.950+0300][6764.539s]   region size 1024K, 16 young (16384K), 9 survivors (9216K)
[2023-07-10T16:07:22.950+0300][6764.539s]  Metaspace       used 53540K, committed 54016K, reserved 1097728K
[2023-07-10T16:07:22.950+0300][6764.539s]   class space    used 5854K, committed 6080K, reserved 1048576K
