[2023-07-07T13:02:00.215+0300][1365.423s] GC(13) Metaspace: 50637K(51456K)->50637K(51456K) NonClass: 44992K(45376K)->44992K(45376K) Class: 5644K(6080K)->5644K(6080K)
[2023-07-07T13:02:00.216+0300][1365.424s] GC(13) Pause Young (Normal) (G1 Evacuation Pause) 272M->109M(1024M) 125.656ms
[2023-07-07T13:02:00.216+0300][1365.424s] GC(13) User=0.03s Sys=0.16s Real=0.13s
[2023-07-07T13:21:50.038+0300][2555.247s] GC(14) Pause Young (Normal) (G1 Evacuation Pause)
[2023-07-07T13:21:50.041+0300][2555.250s] GC(14) Using 4 workers of 4 for evacuation
[2023-07-07T13:21:50.254+0300][2555.463s] GC(14)   Pre Evacuate Collection Set: 9.7ms
[2023-07-07T13:21:50.254+0300][2555.463s] GC(14)   Merge Heap Roots: 2.6ms
[2023-07-07T13:21:50.254+0300][2555.463s] GC(14)   Evacuate Collection Set: 147.6ms
[2023-07-07T13:21:50.254+0300][2555.463s] GC(14)   Post Evacuate Collection Set: 52.6ms
[2023-07-07T13:21:50.254+0300][2555.463s] GC(14)   Other: 4.8ms
[2023-07-07T13:21:50.254+0300][2555.463s] GC(14) Eden regions: 334->0(219)
[2023-07-07T13:21:50.254+0300][2555.463s] GC(14) Survivor regions: 10->8(43)
[2023-07-07T13:21:50.254+0300][2555.463s] GC(14) Old regions: 78->78
[2023-07-07T13:21:50.254+0300][2555.463s] GC(14) Archive regions: 0->0
[2023-07-07T13:21:50.254+0300][2555.463s] GC(14) Humongous regions: 52->23
[2023-07-07T13:21:50.258+0300][2555.466s] GC(14) Metaspace: 50976K(51776K)->50976K(51776K) NonClass: 45331K(45696K)->45331K(45696K) Class: 5645K(6080K)->5645K(6080K)
[2023-07-07T13:21:50.258+0300][2555.466s] GC(14) Pause Young (Normal) (G1 Evacuation Pause) 472M->108M(1024M) 218.995ms
[2023-07-07T13:21:50.258+0300][2555.466s] GC(14) User=0.00s Sys=0.06s Real=0.22s
[2023-07-07T13:45:50.029+0300][3995.239s] GC(15) Pause Young (Normal) (G1 Evacuation Pause)
[2023-07-07T13:45:50.029+0300][3995.241s] GC(15) Using 4 workers of 4 for evacuation
[2023-07-07T13:45:50.144+0300][3995.358s] GC(15)   Pre Evacuate Collection Set: 8.0ms
[2023-07-07T13:45:50.144+0300][3995.358s] GC(15)   Merge Heap Roots: 1.3ms
[2023-07-07T13:45:50.144+0300][3995.358s] GC(15)   Evacuate Collection Set: 94.2ms
[2023-07-07T13:45:50.144+0300][3995.358s] GC(15)   Post Evacuate Collection Set: 12.4ms
[2023-07-07T13:45:50.144+0300][3995.358s] GC(15)   Other: 5.6ms
[2023-07-07T13:45:50.144+0300][3995.358s] GC(15) Eden regions: 219->0(311)
[2023-07-07T13:45:50.144+0300][3995.358s] GC(15) Survivor regions: 8->8(29)
[2023-07-07T13:45:50.144+0300][3995.358s] GC(15) Old regions: 78->78
[2023-07-07T13:45:50.144+0300][3995.359s] GC(15) Archive regions: 0->0
[2023-07-07T13:45:50.144+0300][3995.359s] GC(15) Humongous regions: 23->23
[2023-07-07T13:45:50.144+0300][3995.359s] GC(15) Metaspace: 51044K(51840K)->51044K(51840K) NonClass: 45398K(45760K)->45398K(45760K) Class: 5646K(6080K)->5646K(6080K)
[2023-07-07T13:45:50.144+0300][3995.359s] GC(15) Pause Young (Normal) (G1 Evacuation Pause) 327M->107M(1024M) 120.376ms
[2023-07-07T13:45:50.144+0300][3995.359s] GC(15) User=0.05s Sys=0.08s Real=0.12s
[2023-07-07T14:02:20.759+0300][4985.969s] GC(16) Pause Young (Normal) (G1 Evacuation Pause)
[2023-07-07T14:02:20.764+0300][4985.973s] GC(16) Using 4 workers of 4 for evacuation
[2023-07-07T14:02:21.406+0300][4986.614s] GC(16) MMU target violated: 251.0ms (250.0ms/251.0ms)
[2023-07-07T14:02:21.407+0300][4986.616s] GC(16)   Pre Evacuate Collection Set: 7.4ms
[2023-07-07T14:02:21.407+0300][4986.616s] GC(16)   Merge Heap Roots: 1.5ms
[2023-07-07T14:02:21.407+0300][4986.616s] GC(16)   Evacuate Collection Set: 600.6ms
[2023-07-07T14:02:21.407+0300][4986.616s] GC(16)   Post Evacuate Collection Set: 30.7ms
[2023-07-07T14:02:21.407+0300][4986.616s] GC(16)   Other: 7.7ms
[2023-07-07T14:02:21.407+0300][4986.616s] GC(16) Eden regions: 311->0(11)
[2023-07-07T14:02:21.407+0300][4986.616s] GC(16) Survivor regions: 8->40(40)
[2023-07-07T14:02:21.407+0300][4986.616s] GC(16) Old regions: 78->118
[2023-07-07T14:02:21.407+0300][4986.616s] GC(16) Archive regions: 0->0
[2023-07-07T14:02:21.407+0300][4986.616s] GC(16) Humongous regions: 35->24
[2023-07-07T14:02:21.408+0300][4986.616s] GC(16) Metaspace: 54865K(55680K)->54865K(55680K) NonClass: 48820K(49216K)->48820K(49216K) Class: 6045K(6464K)->6045K(6464K)
[2023-07-07T14:02:21.408+0300][4986.617s] GC(16) Pause Young (Normal) (G1 Evacuation Pause) 430M->181M(1024M) 648.527ms
[2023-07-07T14:02:21.408+0300][4986.617s] GC(16) User=0.20s Sys=0.88s Real=0.65s
[2023-07-07T14:02:23.960+0300][4989.169s] GC(17) Pause Young (Normal) (G1 Evacuation Pause)
[2023-07-07T14:02:23.960+0300][4989.169s] GC(17) Using 4 workers of 4 for evacuation
[2023-07-07T14:02:24.224+0300][4989.432s] GC(17) MMU target violated: 251.0ms (250.0ms/251.0ms)
[2023-07-07T14:02:24.224+0300][4989.433s] GC(17)   Pre Evacuate Collection Set: 0.2ms
[2023-07-07T14:02:24.224+0300][4989.433s] GC(17)   Merge Heap Roots: 0.1ms
[2023-07-07T14:02:24.224+0300][4989.433s] GC(17)   Evacuate Collection Set: 261.8ms
[2023-07-07T14:02:24.224+0300][4989.433s] GC(17)   Post Evacuate Collection Set: 1.2ms
[2023-07-07T14:02:24.224+0300][4989.433s] GC(17)   Other: 18.2ms
[2023-07-07T14:02:24.224+0300][4989.433s] GC(17) Eden regions: 11->0(57)
[2023-07-07T14:02:24.224+0300][4989.433s] GC(17) Survivor regions: 40->4(7)
[2023-07-07T14:02:24.224+0300][4989.433s] GC(17) Old regions: 118->158
[2023-07-07T14:02:24.224+0300][4989.433s] GC(17) Archive regions: 0->0
[2023-07-07T14:02:24.224+0300][4989.433s] GC(17) Humongous regions: 24->24
[2023-07-07T14:02:24.225+0300][4989.433s] GC(17) Metaspace: 54880K(55680K)->54880K(55680K) NonClass: 48835K(49216K)->48835K(49216K) Class: 6045K(6464K)->6045K(6464K)
[2023-07-07T14:02:24.225+0300][4989.433s] GC(17) Pause Young (Normal) (G1 Evacuation Pause) 192M->185M(1024M) 264.105ms
[2023-07-07T14:02:24.225+0300][4989.433s] GC(17) User=0.03s Sys=0.00s Real=0.26s
[2023-07-07T14:02:50.045+0300][5015.254s] GC(18) Pause Young (Normal) (G1 Evacuation Pause)
[2023-07-07T14:02:50.046+0300][5015.254s] GC(18) Using 4 workers of 4 for evacuation
[2023-07-07T14:02:50.062+0300][5015.271s] GC(18)   Pre Evacuate Collection Set: 0.2ms
[2023-07-07T14:02:50.062+0300][5015.271s] GC(18)   Merge Heap Roots: 0.1ms
[2023-07-07T14:02:50.062+0300][5015.271s] GC(18)   Evacuate Collection Set: 14.0ms
[2023-07-07T14:02:50.062+0300][5015.271s] GC(18)   Post Evacuate Collection Set: 1.2ms
[2023-07-07T14:02:50.062+0300][5015.271s] GC(18)   Other: 0.8ms
[2023-07-07T14:02:50.062+0300][5015.271s] GC(18) Eden regions: 57->0(86)
[2023-07-07T14:02:50.062+0300][5015.271s] GC(18) Survivor regions: 4->3(8)
[2023-07-07T14:02:50.062+0300][5015.271s] GC(18) Old regions: 158->158
[2023-07-07T14:02:50.062+0300][5015.271s] GC(18) Archive regions: 0->0
[2023-07-07T14:02:50.063+0300][5015.271s] GC(18) Humongous regions: 52->24
[2023-07-07T14:02:50.063+0300][5015.271s] GC(18) Metaspace: 54912K(55680K)->54912K(55680K) NonClass: 48867K(49216K)->48867K(49216K) Class: 6045K(6464K)->6045K(6464K)
[2023-07-07T14:02:50.063+0300][5015.271s] GC(18) Pause Young (Normal) (G1 Evacuation Pause) 270M->184M(1024M) 16.727ms
[2023-07-07T14:02:50.063+0300][5015.271s] GC(18) User=0.00s Sys=0.00s Real=0.02s
[2023-07-07T14:04:40.215+0300][5125.428s] GC(19) Pause Young (Normal) (G1 Evacuation Pause)
[2023-07-07T14:04:40.220+0300][5125.428s] GC(19) Using 4 workers of 4 for evacuation
[2023-07-07T14:04:40.293+0300][5125.505s] GC(19)   Pre Evacuate Collection Set: 2.2ms
[2023-07-07T14:04:40.293+0300][5125.505s] GC(19)   Merge Heap Roots: 0.2ms
[2023-07-07T14:04:40.293+0300][5125.505s] GC(19)   Evacuate Collection Set: 61.5ms
[2023-07-07T14:04:40.293+0300][5125.505s] GC(19)   Post Evacuate Collection Set: 13.1ms
[2023-07-07T14:04:40.293+0300][5125.505s] GC(19)   Other: 1.2ms
[2023-07-07T14:04:40.293+0300][5125.506s] GC(19) Eden regions: 86->0(80)
[2023-07-07T14:04:40.293+0300][5125.506s] GC(19) Survivor regions: 3->12(12)
[2023-07-07T14:04:40.293+0300][5125.506s] GC(19) Old regions: 158->158
[2023-07-07T14:04:40.293+0300][5125.506s] GC(19) Archive regions: 0->0
[2023-07-07T14:04:40.293+0300][5125.506s] GC(19) Humongous regions: 52->24
[2023-07-07T14:04:40.293+0300][5125.506s] GC(19) Metaspace: 55012K(55872K)->55012K(55872K) NonClass: 48965K(49408K)->48965K(49408K) Class: 6046K(6464K)->6046K(6464K)
[2023-07-07T14:04:40.299+0300][5125.507s] GC(19) Pause Young (Normal) (G1 Evacuation Pause) 298M->193M(1024M) 78.746ms
[2023-07-07T14:04:40.299+0300][5125.507s] GC(19) User=0.02s Sys=0.05s Real=0.08s
[2023-07-07T14:07:10.051+0300][5275.260s] GC(20) Pause Young (Normal) (G1 Evacuation Pause)
[2023-07-07T14:07:10.051+0300][5275.260s] GC(20) Using 4 workers of 4 for evacuation
[2023-07-07T14:07:10.061+0300][5275.269s] GC(20)   Pre Evacuate Collection Set: 0.7ms
[2023-07-07T14:07:10.061+0300][5275.270s] GC(20)   Merge Heap Roots: 0.1ms
[2023-07-07T14:07:10.061+0300][5275.270s] GC(20)   Evacuate Collection Set: 7.2ms
[2023-07-07T14:07:10.061+0300][5275.270s] GC(20)   Post Evacuate Collection Set: 1.2ms
[2023-07-07T14:07:10.062+0300][5275.270s] GC(20)   Other: 0.3ms
[2023-07-07T14:07:10.062+0300][5275.270s] GC(20) Eden regions: 80->0(197)
[2023-07-07T14:07:10.062+0300][5275.270s] GC(20) Survivor regions: 12->3(12)
[2023-07-07T14:07:10.062+0300][5275.270s] GC(20) Old regions: 158->161
[2023-07-07T14:07:10.062+0300][5275.270s] GC(20) Archive regions: 0->0
[2023-07-07T14:07:10.062+0300][5275.270s] GC(20) Humongous regions: 69->24
[2023-07-07T14:07:10.062+0300][5275.270s] GC(20) Metaspace: 55054K(55872K)->55054K(55872K) NonClass: 49007K(49408K)->49007K(49408K) Class: 6046K(6464K)->6046K(6464K)
[2023-07-07T14:07:10.062+0300][5275.270s] GC(20) Pause Young (Normal) (G1 Evacuation Pause) 318M->186M(1024M) 9.937ms
[2023-07-07T14:07:10.062+0300][5275.270s] GC(20) User=0.00s Sys=0.00s Real=0.01s
[2023-07-07T14:16:40.014+0300][5845.224s] GC(21) Pause Young (Normal) (G1 Evacuation Pause)
[2023-07-07T14:16:40.018+0300][5845.226s] GC(21) Using 4 workers of 4 for evacuation
[2023-07-07T14:16:40.191+0300][5845.400s] GC(21)   Pre Evacuate Collection Set: 7.8ms
[2023-07-07T14:16:40.191+0300][5845.400s] GC(21)   Merge Heap Roots: 1.3ms
[2023-07-07T14:16:40.191+0300][5845.400s] GC(21)   Evacuate Collection Set: 126.2ms
[2023-07-07T14:16:40.191+0300][5845.400s] GC(21)   Post Evacuate Collection Set: 36.1ms
[2023-07-07T14:16:40.191+0300][5845.400s] GC(21)   Other: 6.4ms
[2023-07-07T14:16:40.191+0300][5845.400s] GC(21) Eden regions: 197->0(121)
[2023-07-07T14:16:40.191+0300][5845.400s] GC(21) Survivor regions: 3->16(25)
[2023-07-07T14:16:40.191+0300][5845.400s] GC(21) Old regions: 161->161
[2023-07-07T14:16:40.191+0300][5845.400s] GC(21) Archive regions: 0->0
[2023-07-07T14:16:40.191+0300][5845.400s] GC(21) Humongous regions: 28->24
[2023-07-07T14:16:40.192+0300][5845.401s] GC(21) Metaspace: 55149K(55936K)->55149K(55936K) NonClass: 49098K(49472K)->49098K(49472K) Class: 6050K(6464K)->6050K(6464K)
[2023-07-07T14:16:40.192+0300][5845.401s] GC(21) Pause Young (Normal) (G1 Evacuation Pause) 387M->199M(1024M) 177.505ms
[2023-07-07T14:16:40.192+0300][5845.401s] GC(21) User=0.11s Sys=0.12s Real=0.18s
[2023-07-07T14:21:10.439+0300][6115.647s] GC(22) Pause Young (Normal) (G1 Evacuation Pause)
[2023-07-07T14:21:10.442+0300][6115.651s] GC(22) Using 4 workers of 4 for evacuation
[2023-07-07T14:21:10.647+0300][6115.856s] GC(22)   Pre Evacuate Collection Set: 10.1ms
[2023-07-07T14:21:10.647+0300][6115.856s] GC(22)   Merge Heap Roots: 0.8ms
[2023-07-07T14:21:10.647+0300][6115.856s] GC(22)   Evacuate Collection Set: 173.7ms
[2023-07-07T14:21:10.648+0300][6115.856s] GC(22)   Post Evacuate Collection Set: 18.6ms
[2023-07-07T14:21:10.648+0300][6115.856s] GC(22)   Other: 6.4ms
[2023-07-07T14:21:10.648+0300][6115.856s] GC(22) Eden regions: 121->0(162)
[2023-07-07T14:21:10.648+0300][6115.856s] GC(22) Survivor regions: 16->6(18)
[2023-07-07T14:21:10.648+0300][6115.856s] GC(22) Old regions: 161->175
[2023-07-07T14:21:10.648+0300][6115.857s] GC(22) Archive regions: 0->0
[2023-07-07T14:21:10.648+0300][6115.857s] GC(22) Humongous regions: 59->24
[2023-07-07T14:21:10.648+0300][6115.857s] GC(22) Metaspace: 55225K(56064K)->55225K(56064K) NonClass: 49172K(49600K)->49172K(49600K) Class: 6052K(6464K)->6052K(6464K)
[2023-07-07T14:21:10.649+0300][6115.857s] GC(22) Pause Young (Normal) (G1 Evacuation Pause) 355M->203M(1024M) 209.877ms
[2023-07-07T14:21:10.649+0300][6115.857s] GC(22) User=0.06s Sys=0.30s Real=0.21s
[2023-07-07T14:24:00.440+0300][6285.649s] GC(23) Pause Young (Normal) (G1 Evacuation Pause)
[2023-07-07T14:24:00.444+0300][6285.653s] GC(23) Using 4 workers of 4 for evacuation
[2023-07-07T14:24:00.568+0300][6285.776s] GC(23)   Pre Evacuate Collection Set: 12.6ms
[2023-07-07T14:24:00.568+0300][6285.776s] GC(23)   Merge Heap Roots: 0.9ms
[2023-07-07T14:24:00.568+0300][6285.776s] GC(23)   Evacuate Collection Set: 97.2ms
[2023-07-07T14:24:00.568+0300][6285.777s] GC(23)   Post Evacuate Collection Set: 10.7ms
[2023-07-07T14:24:00.568+0300][6285.777s] GC(23)   Other: 7.8ms
[2023-07-07T14:24:00.568+0300][6285.777s] GC(23) Eden regions: 162->0(191)
[2023-07-07T14:24:00.568+0300][6285.777s] GC(23) Survivor regions: 6->8(21)
[2023-07-07T14:24:00.568+0300][6285.777s] GC(23) Old regions: 175->175
[2023-07-07T14:24:00.568+0300][6285.777s] GC(23) Archive regions: 0->0
[2023-07-07T14:24:00.568+0300][6285.777s] GC(23) Humongous regions: 68->24
[2023-07-07T14:24:00.568+0300][6285.777s] GC(23) Metaspace: 55304K(56128K)->55304K(56128K) NonClass: 49251K(49664K)->49251K(49664K) Class: 6052K(6464K)->6052K(6464K)
[2023-07-07T14:24:00.569+0300][6285.777s] GC(23) Pause Young (Normal) (G1 Evacuation Pause) 409M->205M(1024M) 129.212ms
[2023-07-07T14:24:00.569+0300][6285.778s] GC(23) User=0.02s Sys=0.19s Real=0.13s
[2023-07-07T14:24:40.224+0300][6325.433s] GC(24) Pause Young (Normal) (G1 Evacuation Pause)
[2023-07-07T14:24:40.226+0300][6325.435s] GC(24) Using 4 workers of 4 for evacuation
[2023-07-07T14:24:40.299+0300][6325.508s] GC(24)   Pre Evacuate Collection Set: 4.7ms
[2023-07-07T14:24:40.299+0300][6325.508s] GC(24)   Merge Heap Roots: 1.9ms
[2023-07-07T14:24:40.299+0300][6325.508s] GC(24)   Evacuate Collection Set: 54.9ms
[2023-07-07T14:24:40.299+0300][6325.508s] GC(24)   Post Evacuate Collection Set: 11.0ms
[2023-07-07T14:24:40.299+0300][6325.508s] GC(24)   Other: 3.0ms
[2023-07-07T14:24:40.299+0300][6325.508s] GC(24) Eden regions: 191->0(263)
[2023-07-07T14:24:40.299+0300][6325.508s] GC(24) Survivor regions: 8->9(25)
[2023-07-07T14:24:40.299+0300][6325.508s] GC(24) Old regions: 175->175
[2023-07-07T14:24:40.299+0300][6325.508s] GC(24) Archive regions: 0->0
[2023-07-07T14:24:40.299+0300][6325.508s] GC(24) Humongous regions: 120->24
[2023-07-07T14:24:40.300+0300][6325.509s] GC(24) Metaspace: 55412K(56192K)->55412K(56192K) NonClass: 49357K(49728K)->49357K(49728K) Class: 6054K(6464K)->6054K(6464K)
[2023-07-07T14:24:40.300+0300][6325.509s] GC(24) Pause Young (Normal) (G1 Evacuation Pause) 492M->206M(1024M) 76.172ms
[2023-07-07T14:24:40.300+0300][6325.509s] GC(24) User=0.05s Sys=0.03s Real=0.08s
[2023-07-07T14:31:40.054+0300][6745.263s] GC(25) Pause Young (Normal) (G1 Evacuation Pause)
[2023-07-07T14:31:40.058+0300][6745.266s] GC(25) Using 4 workers of 4 for evacuation
[2023-07-07T14:31:40.273+0300][6745.482s] GC(25)   Pre Evacuate Collection Set: 16.6ms
[2023-07-07T14:31:40.273+0300][6745.482s] GC(25)   Merge Heap Roots: 3.8ms
[2023-07-07T14:31:40.273+0300][6745.482s] GC(25)   Evacuate Collection Set: 175.4ms
[2023-07-07T14:31:40.273+0300][6745.482s] GC(25)   Post Evacuate Collection Set: 16.0ms
[2023-07-07T14:31:40.273+0300][6745.482s] GC(25)   Other: 10.1ms
[2023-07-07T14:31:40.273+0300][6745.482s] GC(25) Eden regions: 263->0(164)
[2023-07-07T14:31:40.273+0300][6745.482s] GC(25) Survivor regions: 9->10(34)
[2023-07-07T14:31:40.273+0300][6745.482s] GC(25) Old regions: 175->175
[2023-07-07T14:31:40.273+0300][6745.482s] GC(25) Archive regions: 0->0
[2023-07-07T14:31:40.273+0300][6745.482s] GC(25) Humongous regions: 89->24
[2023-07-07T14:31:40.274+0300][6745.483s] GC(25) Metaspace: 55444K(56256K)->55444K(56256K) NonClass: 49390K(49792K)->49390K(49792K) Class: 6054K(6464K)->6054K(6464K)
[2023-07-07T14:31:40.274+0300][6745.483s] GC(25) Pause Young (Normal) (G1 Evacuation Pause) 534M->207M(1024M) 220.913ms
[2023-07-07T14:31:40.275+0300][6745.484s] GC(25) User=0.02s Sys=0.05s Real=0.22s
