[2023-07-07T12:39:14.816+0300][0.025s] Using G1
[2023-07-07T12:39:16.882+0300][2.090s] Version: 17.0.4+11-LTS-179 (release)
[2023-07-07T12:39:16.882+0300][2.091s] CPUs: 4 total, 4 available
[2023-07-07T12:39:16.883+0300][2.091s] Memory: 4010M
[2023-07-07T12:39:16.883+0300][2.091s] Large Page Support: Disabled
[2023-07-07T12:39:16.883+0300][2.092s] NUMA Support: Disabled
[2023-07-07T12:39:16.883+0300][2.092s] Compressed Oops: Enabled (32-bit)
[2023-07-07T12:39:16.883+0300][2.092s] Heap Region Size: 1M
[2023-07-07T12:39:16.883+0300][2.092s] Heap Min Capacity: 1G
[2023-07-07T12:39:16.883+0300][2.092s] Heap Initial Capacity: 1G
[2023-07-07T12:39:16.884+0300][2.092s] Heap Max Capacity: 1G
[2023-07-07T12:39:16.884+0300][2.092s] Pre-touch: Enabled
[2023-07-07T12:39:16.884+0300][2.092s] Parallel Workers: 4
[2023-07-07T12:39:16.884+0300][2.093s] Concurrent Workers: 1
[2023-07-07T12:39:16.884+0300][2.093s] Concurrent Refinement Workers: 4
[2023-07-07T12:39:16.884+0300][2.093s] Periodic GC: Disabled
[2023-07-07T12:39:16.887+0300][2.096s] CDS archive(s) mapped at: [0x0000000800000000-0x0000000800bc0000-0x0000000800bc0000), size 12320768, SharedBaseAddress: 0x0000000800000000, ArchiveRelocationMode: 0.
[2023-07-07T12:39:16.887+0300][2.096s] Compressed class space mapped at: 0x0000000800c00000-0x0000000840c00000, reserved size: 1073741824
[2023-07-07T12:39:16.887+0300][2.096s] Narrow klass base: 0x0000000800000000, Narrow klass shift: 0, Narrow klass range: 0x100000000
[2023-07-07T12:39:34.673+0300][19.882s] GC(0) Pause Young (Normal) (G1 Evacuation Pause)
[2023-07-07T12:39:34.673+0300][19.882s] GC(0) Using 4 workers of 4 for evacuation
[2023-07-07T12:39:34.749+0300][19.958s] GC(0)   Pre Evacuate Collection Set: 0.4ms
[2023-07-07T12:39:34.749+0300][19.958s] GC(0)   Merge Heap Roots: 0.1ms
[2023-07-07T12:39:34.749+0300][19.958s] GC(0)   Evacuate Collection Set: 74.0ms
[2023-07-07T12:39:34.749+0300][19.958s] GC(0)   Post Evacuate Collection Set: 0.8ms
[2023-07-07T12:39:34.749+0300][19.958s] GC(0)   Other: 0.7ms
[2023-07-07T12:39:34.749+0300][19.958s] GC(0) Eden regions: 51->0(44)
[2023-07-07T12:39:34.749+0300][19.958s] GC(0) Survivor regions: 0->7(7)
[2023-07-07T12:39:34.749+0300][19.958s] GC(0) Old regions: 0->3
[2023-07-07T12:39:34.749+0300][19.958s] GC(0) Archive regions: 0->0
[2023-07-07T12:39:34.749+0300][19.958s] GC(0) Humongous regions: 0->0
[2023-07-07T12:39:34.749+0300][19.958s] GC(0) Metaspace: 8457K(8704K)->8457K(8704K) NonClass: 7557K(7680K)->7557K(7680K) Class: 900K(1024K)->900K(1024K)
[2023-07-07T12:39:34.749+0300][19.958s] GC(0) Pause Young (Normal) (G1 Evacuation Pause) 51M->9M(1024M) 76.718ms
[2023-07-07T12:39:34.749+0300][19.958s] GC(0) User=0.06s Sys=0.00s Real=0.08s
[2023-07-07T12:39:37.997+0300][23.206s] GC(1) Pause Young (Normal) (G1 Evacuation Pause)
[2023-07-07T12:39:37.997+0300][23.206s] GC(1) Using 4 workers of 4 for evacuation
[2023-07-07T12:39:38.012+0300][23.220s] GC(1)   Pre Evacuate Collection Set: 0.2ms
[2023-07-07T12:39:38.012+0300][23.220s] GC(1)   Merge Heap Roots: 0.1ms
[2023-07-07T12:39:38.012+0300][23.220s] GC(1)   Evacuate Collection Set: 12.5ms
[2023-07-07T12:39:38.012+0300][23.220s] GC(1)   Post Evacuate Collection Set: 1.4ms
[2023-07-07T12:39:38.012+0300][23.220s] GC(1)   Other: 0.2ms
[2023-07-07T12:39:38.012+0300][23.220s] GC(1) Eden regions: 44->0(45)
[2023-07-07T12:39:38.012+0300][23.220s] GC(1) Survivor regions: 7->6(7)
[2023-07-07T12:39:38.012+0300][23.220s] GC(1) Old regions: 3->10
[2023-07-07T12:39:38.012+0300][23.220s] GC(1) Archive regions: 0->0
[2023-07-07T12:39:38.012+0300][23.220s] GC(1) Humongous regions: 0->0
[2023-07-07T12:39:38.012+0300][23.220s] GC(1) Metaspace: 17750K(17920K)->17750K(17920K) NonClass: 15766K(15872K)->15766K(15872K) Class: 1984K(2048K)->1984K(2048K)
[2023-07-07T12:39:38.012+0300][23.221s] GC(1) Pause Young (Normal) (G1 Evacuation Pause) 53M->15M(1024M) 14.937ms
[2023-07-07T12:39:38.012+0300][23.221s] GC(1) User=0.03s Sys=0.00s Real=0.02s
[2023-07-07T12:39:39.106+0300][24.314s] GC(2) Pause Young (Normal) (G1 Evacuation Pause)
[2023-07-07T12:39:39.106+0300][24.315s] GC(2) Using 4 workers of 4 for evacuation
[2023-07-07T12:39:39.114+0300][24.322s] GC(2)   Pre Evacuate Collection Set: 0.1ms
[2023-07-07T12:39:39.114+0300][24.322s] GC(2)   Merge Heap Roots: 0.1ms
[2023-07-07T12:39:39.114+0300][24.323s] GC(2)   Evacuate Collection Set: 6.9ms
[2023-07-07T12:39:39.114+0300][24.323s] GC(2)   Post Evacuate Collection Set: 0.5ms
[2023-07-07T12:39:39.114+0300][24.323s] GC(2)   Other: 0.4ms
[2023-07-07T12:39:39.114+0300][24.323s] GC(2) Eden regions: 45->0(83)
[2023-07-07T12:39:39.114+0300][24.323s] GC(2) Survivor regions: 6->2(7)
[2023-07-07T12:39:39.114+0300][24.323s] GC(2) Old regions: 10->15
[2023-07-07T12:39:39.114+0300][24.323s] GC(2) Archive regions: 0->0
[2023-07-07T12:39:39.114+0300][24.323s] GC(2) Humongous regions: 0->0
[2023-07-07T12:39:39.114+0300][24.323s] GC(2) Metaspace: 19786K(20032K)->19786K(20032K) NonClass: 17601K(17728K)->17601K(17728K) Class: 2185K(2304K)->2185K(2304K)
[2023-07-07T12:39:39.114+0300][24.323s] GC(2) Pause Young (Normal) (G1 Evacuation Pause) 60M->16M(1024M) 8.355ms
[2023-07-07T12:39:39.114+0300][24.323s] GC(2) User=0.03s Sys=0.00s Real=0.01s
[2023-07-07T12:39:39.938+0300][25.146s] GC(3) Pause Young (Normal) (GCLocker Initiated GC)
[2023-07-07T12:39:39.938+0300][25.146s] GC(3) Using 4 workers of 4 for evacuation
[2023-07-07T12:39:39.944+0300][25.154s] GC(3)   Pre Evacuate Collection Set: 0.1ms
[2023-07-07T12:39:39.945+0300][25.154s] GC(3)   Merge Heap Roots: 0.1ms
[2023-07-07T12:39:39.945+0300][25.154s] GC(3)   Evacuate Collection Set: 6.4ms
[2023-07-07T12:39:39.945+0300][25.154s] GC(3)   Post Evacuate Collection Set: 0.4ms
[2023-07-07T12:39:39.945+0300][25.154s] GC(3)   Other: 0.3ms
[2023-07-07T12:39:39.945+0300][25.154s] GC(3) Eden regions: 83->0(609)
[2023-07-07T12:39:39.945+0300][25.154s] GC(3) Survivor regions: 2->5(11)
[2023-07-07T12:39:39.945+0300][25.154s] GC(3) Old regions: 15->15
[2023-07-07T12:39:39.945+0300][25.154s] GC(3) Archive regions: 0->0
[2023-07-07T12:39:39.945+0300][25.154s] GC(3) Humongous regions: 0->0
[2023-07-07T12:39:39.945+0300][25.154s] GC(3) Metaspace: 20995K(21184K)->20995K(21184K) NonClass: 18630K(18752K)->18630K(18752K) Class: 2365K(2432K)->2365K(2432K)
[2023-07-07T12:39:39.945+0300][25.154s] GC(3) Pause Young (Normal) (GCLocker Initiated GC) 99M->19M(1024M) 7.707ms
[2023-07-07T12:39:39.945+0300][25.154s] GC(3) User=0.02s Sys=0.00s Real=0.01s
[2023-07-07T12:39:40.010+0300][25.219s] GC(4) Pause Young (Concurrent Start) (Metadata GC Threshold)
[2023-07-07T12:39:40.010+0300][25.219s] GC(4) Using 4 workers of 4 for evacuation
[2023-07-07T12:39:40.017+0300][25.225s] GC(4)   Pre Evacuate Collection Set: 0.4ms
[2023-07-07T12:39:40.017+0300][25.226s] GC(4)   Merge Heap Roots: 0.1ms
[2023-07-07T12:39:40.017+0300][25.226s] GC(4)   Evacuate Collection Set: 4.6ms
[2023-07-07T12:39:40.017+0300][25.226s] GC(4)   Post Evacuate Collection Set: 0.5ms
[2023-07-07T12:39:40.017+0300][25.226s] GC(4)   Other: 0.5ms
[2023-07-07T12:39:40.017+0300][25.226s] GC(4) Eden regions: 20->0(609)
[2023-07-07T12:39:40.017+0300][25.226s] GC(4) Survivor regions: 5->5(77)
[2023-07-07T12:39:40.017+0300][25.226s] GC(4) Old regions: 15->15
[2023-07-07T12:39:40.017+0300][25.226s] GC(4) Archive regions: 0->0
[2023-07-07T12:39:40.017+0300][25.226s] GC(4) Humongous regions: 0->0
[2023-07-07T12:39:40.017+0300][25.226s] GC(4) Metaspace: 21231K(21504K)->21231K(21504K) NonClass: 18843K(18944K)->18843K(18944K) Class: 2388K(2560K)->2388K(2560K)
[2023-07-07T12:39:40.018+0300][25.226s] GC(4) Pause Young (Concurrent Start) (Metadata GC Threshold) 39M->19M(1024M) 6.605ms
[2023-07-07T12:39:40.018+0300][25.226s] GC(4) User=0.06s Sys=0.00s Real=0.01s
[2023-07-07T12:39:40.018+0300][25.226s] GC(5) Concurrent Mark Cycle
[2023-07-07T12:39:40.018+0300][25.226s] GC(5) Concurrent Clear Claimed Marks
[2023-07-07T12:39:40.018+0300][25.226s] GC(5) Concurrent Clear Claimed Marks 0.046ms
[2023-07-07T12:39:40.018+0300][25.226s] GC(5) Concurrent Scan Root Regions
[2023-07-07T12:39:40.022+0300][25.231s] GC(5) Concurrent Scan Root Regions 4.339ms
[2023-07-07T12:39:40.022+0300][25.231s] GC(5) Concurrent Mark
[2023-07-07T12:39:40.022+0300][25.231s] GC(5) Concurrent Mark From Roots
[2023-07-07T12:39:40.022+0300][25.231s] GC(5) Using 1 workers of 1 for marking
[2023-07-07T12:39:40.054+0300][25.262s] GC(5) Concurrent Mark From Roots 31.561ms
[2023-07-07T12:39:40.054+0300][25.263s] GC(5) Concurrent Preclean
[2023-07-07T12:39:40.054+0300][25.263s] GC(5) Concurrent Preclean 0.288ms
[2023-07-07T12:39:40.054+0300][25.263s] GC(5) Pause Remark
[2023-07-07T12:39:40.058+0300][25.266s] GC(5) Pause Remark 19M->19M(1024M) 3.349ms
[2023-07-07T12:39:40.058+0300][25.267s] GC(5) User=0.02s Sys=0.00s Real=0.00s
[2023-07-07T12:39:40.058+0300][25.267s] GC(5) Concurrent Mark 35.962ms
[2023-07-07T12:39:40.058+0300][25.267s] GC(5) Concurrent Rebuild Remembered Sets
[2023-07-07T12:39:40.071+0300][25.279s] GC(5) Concurrent Rebuild Remembered Sets 12.252ms
[2023-07-07T12:39:40.073+0300][25.281s] GC(5) Pause Cleanup
[2023-07-07T12:39:40.073+0300][25.282s] GC(5) Pause Cleanup 20M->20M(1024M) 0.299ms
[2023-07-07T12:39:40.073+0300][25.282s] GC(5) User=0.00s Sys=0.00s Real=0.00s
[2023-07-07T12:39:40.075+0300][25.283s] GC(5) Concurrent Cleanup for Next Mark
[2023-07-07T12:39:40.078+0300][25.287s] GC(5) Concurrent Cleanup for Next Mark 3.339ms
[2023-07-07T12:39:40.078+0300][25.287s] GC(5) Concurrent Mark Cycle 60.831ms
[2023-07-07T12:39:44.743+0300][29.952s] GC(6) Pause Young (Concurrent Start) (Metadata GC Threshold)
[2023-07-07T12:39:44.743+0300][29.952s] GC(6) Using 4 workers of 4 for evacuation
[2023-07-07T12:39:44.760+0300][29.968s] GC(6)   Pre Evacuate Collection Set: 0.2ms
[2023-07-07T12:39:44.760+0300][29.968s] GC(6)   Merge Heap Roots: 0.1ms
[2023-07-07T12:39:44.760+0300][29.968s] GC(6)   Evacuate Collection Set: 14.3ms
[2023-07-07T12:39:44.760+0300][29.968s] GC(6)   Post Evacuate Collection Set: 1.0ms
[2023-07-07T12:39:44.760+0300][29.968s] GC(6)   Other: 0.4ms
[2023-07-07T12:39:44.760+0300][29.968s] GC(6) Eden regions: 285->0(393)
[2023-07-07T12:39:44.760+0300][29.968s] GC(6) Survivor regions: 5->13(77)
[2023-07-07T12:39:44.760+0300][29.968s] GC(6) Old regions: 15->15
[2023-07-07T12:39:44.760+0300][29.968s] GC(6) Archive regions: 0->0
[2023-07-07T12:39:44.760+0300][29.968s] GC(6) Humongous regions: 0->0
[2023-07-07T12:39:44.760+0300][29.968s] GC(6) Metaspace: 35956K(36160K)->35956K(36160K) NonClass: 31790K(31872K)->31790K(31872K) Class: 4166K(4288K)->4166K(4288K)
[2023-07-07T12:39:44.760+0300][29.968s] GC(6) Pause Young (Concurrent Start) (Metadata GC Threshold) 303M->27M(1024M) 16.407ms
[2023-07-07T12:39:44.760+0300][29.968s] GC(6) User=0.06s Sys=0.00s Real=0.02s
[2023-07-07T12:39:44.760+0300][29.968s] GC(7) Concurrent Mark Cycle
[2023-07-07T12:39:44.760+0300][29.969s] GC(7) Concurrent Clear Claimed Marks
[2023-07-07T12:39:44.760+0300][29.969s] GC(7) Concurrent Clear Claimed Marks 0.041ms
[2023-07-07T12:39:44.760+0300][29.969s] GC(7) Concurrent Scan Root Regions
[2023-07-07T12:39:44.774+0300][29.982s] GC(7) Concurrent Scan Root Regions 13.500ms
[2023-07-07T12:39:44.774+0300][29.982s] GC(7) Concurrent Mark
[2023-07-07T12:39:44.774+0300][29.982s] GC(7) Concurrent Mark From Roots
[2023-07-07T12:39:44.774+0300][29.982s] GC(7) Using 1 workers of 1 for marking
[2023-07-07T12:39:44.802+0300][30.011s] GC(7) Concurrent Mark From Roots 29.022ms
[2023-07-07T12:39:44.802+0300][30.011s] GC(7) Concurrent Preclean
[2023-07-07T12:39:44.802+0300][30.012s] GC(7) Concurrent Preclean 0.212ms
[2023-07-07T12:39:44.802+0300][30.012s] GC(7) Pause Remark
[2023-07-07T12:39:44.807+0300][30.015s] GC(7) Pause Remark 28M->28M(1024M) 3.402ms
[2023-07-07T12:39:44.807+0300][30.015s] GC(7) User=0.00s Sys=0.00s Real=0.00s
[2023-07-07T12:39:44.807+0300][30.016s] GC(7) Concurrent Mark 33.337ms
[2023-07-07T12:39:44.807+0300][30.016s] GC(7) Concurrent Rebuild Remembered Sets
[2023-07-07T12:39:44.819+0300][30.028s] GC(7) Concurrent Rebuild Remembered Sets 12.572ms
[2023-07-07T12:39:44.819+0300][30.028s] GC(7) Pause Cleanup
[2023-07-07T12:39:44.820+0300][30.029s] GC(7) Pause Cleanup 28M->28M(1024M) 0.249ms
[2023-07-07T12:39:44.820+0300][30.029s] GC(7) User=0.00s Sys=0.00s Real=0.00s
[2023-07-07T12:39:44.820+0300][30.029s] GC(7) Concurrent Cleanup for Next Mark
[2023-07-07T12:39:44.824+0300][30.033s] GC(7) Concurrent Cleanup for Next Mark 4.068ms
[2023-07-07T12:39:44.824+0300][30.033s] GC(7) Concurrent Mark Cycle 64.485ms
[2023-07-07T12:43:19.803+0300][245.013s] GC(8) Pause Young (Normal) (G1 Evacuation Pause)
[2023-07-07T12:43:19.806+0300][245.015s] GC(8) Using 4 workers of 4 for evacuation
[2023-07-07T12:43:20.486+0300][245.695s] GC(8) MMU target violated: 251.0ms (250.0ms/251.0ms)
[2023-07-07T12:43:20.487+0300][245.695s] GC(8)   Pre Evacuate Collection Set: 7.0ms
[2023-07-07T12:43:20.487+0300][245.695s] GC(8)   Merge Heap Roots: 2.2ms
[2023-07-07T12:43:20.487+0300][245.695s] GC(8)   Evacuate Collection Set: 649.6ms
[2023-07-07T12:43:20.487+0300][245.695s] GC(8)   Post Evacuate Collection Set: 20.5ms
[2023-07-07T12:43:20.487+0300][245.695s] GC(8)   Other: 26.4ms
[2023-07-07T12:43:20.487+0300][245.695s] GC(8) Eden regions: 393->0(132)
[2023-07-07T12:43:20.487+0300][245.696s] GC(8) Survivor regions: 13->43(51)
[2023-07-07T12:43:20.487+0300][245.696s] GC(8) Old regions: 15->15
[2023-07-07T12:43:20.487+0300][245.696s] GC(8) Archive regions: 0->0
[2023-07-07T12:43:20.487+0300][245.696s] GC(8) Humongous regions: 56->11
[2023-07-07T12:43:20.487+0300][245.696s] GC(8) Metaspace: 47343K(48128K)->47343K(48128K) NonClass: 41907K(42240K)->41907K(42240K) Class: 5436K(5888K)->5436K(5888K)
[2023-07-07T12:43:20.487+0300][245.696s] GC(8) Pause Young (Normal) (G1 Evacuation Pause) 476M->68M(1024M) 685.032ms
[2023-07-07T12:43:20.487+0300][245.696s] GC(8) User=0.28s Sys=1.03s Real=0.68s
[2023-07-07T12:43:23.332+0300][248.541s] GC(9) Pause Young (Normal) (G1 Evacuation Pause)
[2023-07-07T12:43:23.332+0300][248.541s] GC(9) Using 4 workers of 4 for evacuation
[2023-07-07T12:43:23.437+0300][248.646s] GC(9)   Pre Evacuate Collection Set: 0.3ms
[2023-07-07T12:43:23.437+0300][248.646s] GC(9)   Merge Heap Roots: 0.5ms
[2023-07-07T12:43:23.437+0300][248.646s] GC(9)   Evacuate Collection Set: 102.1ms
[2023-07-07T12:43:23.437+0300][248.646s] GC(9)   Post Evacuate Collection Set: 1.4ms
[2023-07-07T12:43:23.437+0300][248.646s] GC(9)   Other: 4.5ms
[2023-07-07T12:43:23.437+0300][248.646s] GC(9) Eden regions: 132->0(93)
[2023-07-07T12:43:23.438+0300][248.646s] GC(9) Survivor regions: 43->22(22)
[2023-07-07T12:43:23.438+0300][248.646s] GC(9) Old regions: 15->49
[2023-07-07T12:43:23.438+0300][248.646s] GC(9) Archive regions: 0->0
[2023-07-07T12:43:23.438+0300][248.646s] GC(9) Humongous regions: 60->11
[2023-07-07T12:43:23.438+0300][248.646s] GC(9) Metaspace: 47968K(48768K)->47968K(48768K) NonClass: 42481K(42880K)->42481K(42880K) Class: 5486K(5888K)->5486K(5888K)
[2023-07-07T12:43:23.438+0300][248.646s] GC(9) Pause Young (Normal) (G1 Evacuation Pause) 249M->81M(1024M) 105.194ms
[2023-07-07T12:43:23.438+0300][248.646s] GC(9) User=0.14s Sys=0.17s Real=0.11s
[2023-07-07T12:43:25.695+0300][250.904s] GC(10) Pause Young (Normal) (G1 Evacuation Pause)
[2023-07-07T12:43:25.695+0300][250.904s] GC(10) Using 4 workers of 4 for evacuation
[2023-07-07T12:43:25.715+0300][250.923s] GC(10)   Pre Evacuate Collection Set: 0.6ms
[2023-07-07T12:43:25.715+0300][250.923s] GC(10)   Merge Heap Roots: 0.1ms
[2023-07-07T12:43:25.715+0300][250.923s] GC(10)   Evacuate Collection Set: 16.1ms
[2023-07-07T12:43:25.715+0300][250.923s] GC(10)   Post Evacuate Collection Set: 1.9ms
[2023-07-07T12:43:25.715+0300][250.923s] GC(10)   Other: 0.8ms
[2023-07-07T12:43:25.715+0300][250.923s] GC(10) Eden regions: 93->0(300)
[2023-07-07T12:43:25.715+0300][250.923s] GC(10) Survivor regions: 22->6(15)
[2023-07-07T12:43:25.715+0300][250.923s] GC(10) Old regions: 49->69
[2023-07-07T12:43:25.715+0300][250.924s] GC(10) Archive regions: 0->0
[2023-07-07T12:43:25.715+0300][250.924s] GC(10) Humongous regions: 11->11
[2023-07-07T12:43:25.715+0300][250.924s] GC(10) Metaspace: 48381K(49216K)->48381K(49216K) NonClass: 42859K(43264K)->42859K(43264K) Class: 5521K(5952K)->5521K(5952K)
[2023-07-07T12:43:25.715+0300][250.924s] GC(10) Pause Young (Normal) (G1 Evacuation Pause) 174M->85M(1024M) 20.328ms
[2023-07-07T12:43:25.715+0300][250.924s] GC(10) User=0.02s Sys=0.02s Real=0.02s
[2023-07-07T12:43:32.003+0300][257.211s] GC(11) Pause Young (Normal) (G1 Evacuation Pause)
[2023-07-07T12:43:32.003+0300][257.212s] GC(11) Using 4 workers of 4 for evacuation
[2023-07-07T12:43:32.030+0300][257.238s] GC(11)   Pre Evacuate Collection Set: 0.3ms
[2023-07-07T12:43:32.030+0300][257.238s] GC(11)   Merge Heap Roots: 0.2ms
[2023-07-07T12:43:32.030+0300][257.238s] GC(11)   Evacuate Collection Set: 24.3ms
[2023-07-07T12:43:32.030+0300][257.238s] GC(11)   Post Evacuate Collection Set: 1.4ms
[2023-07-07T12:43:32.030+0300][257.238s] GC(11)   Other: 0.5ms
[2023-07-07T12:43:32.030+0300][257.238s] GC(11) Eden regions: 298->0(338)
[2023-07-07T12:43:32.030+0300][257.238s] GC(11) Survivor regions: 6->14(38)
[2023-07-07T12:43:32.030+0300][257.238s] GC(11) Old regions: 69->69
[2023-07-07T12:43:32.030+0300][257.238s] GC(11) Archive regions: 0->0
[2023-07-07T12:43:32.030+0300][257.238s] GC(11) Humongous regions: 82->20
[2023-07-07T12:43:32.030+0300][257.238s] GC(11) Metaspace: 49035K(49856K)->49035K(49856K) NonClass: 43451K(43840K)->43451K(43840K) Class: 5583K(6016K)->5583K(6016K)
[2023-07-07T12:43:32.030+0300][257.239s] GC(11) Pause Young (Normal) (G1 Evacuation Pause) 454M->102M(1024M) 27.086ms
[2023-07-07T12:43:32.030+0300][257.239s] GC(11) User=0.05s Sys=0.03s Real=0.03s
[2023-07-07T12:57:40.038+0300][1105.246s] GC(12) Pause Young (Normal) (G1 Evacuation Pause)
[2023-07-07T12:57:40.041+0300][1105.249s] GC(12) Using 4 workers of 4 for evacuation
[2023-07-07T12:57:40.284+0300][1105.493s] GC(12)   Pre Evacuate Collection Set: 8.3ms
[2023-07-07T12:57:40.284+0300][1105.493s] GC(12)   Merge Heap Roots: 1.7ms
[2023-07-07T12:57:40.284+0300][1105.493s] GC(12)   Evacuate Collection Set: 225.3ms
[2023-07-07T12:57:40.284+0300][1105.493s] GC(12)   Post Evacuate Collection Set: 8.1ms
[2023-07-07T12:57:40.284+0300][1105.493s] GC(12)   Other: 5.5ms
[2023-07-07T12:57:40.285+0300][1105.493s] GC(12) Eden regions: 334->0(165)
[2023-07-07T12:57:40.285+0300][1105.494s] GC(12) Survivor regions: 14->16(44)
[2023-07-07T12:57:40.285+0300][1105.494s] GC(12) Old regions: 69->69
[2023-07-07T12:57:40.285+0300][1105.494s] GC(12) Archive regions: 0->0
[2023-07-07T12:57:40.285+0300][1105.494s] GC(12) Humongous regions: 100->23
[2023-07-07T12:57:40.285+0300][1105.494s] GC(12) Metaspace: 50276K(51136K)->50276K(51136K) NonClass: 44640K(45056K)->44640K(45056K) Class: 5635K(6080K)->5635K(6080K)
[2023-07-07T12:57:40.285+0300][1105.494s] GC(12) Pause Young (Normal) (G1 Evacuation Pause) 516M->107M(1024M) 248.514ms
[2023-07-07T12:57:40.285+0300][1105.494s] GC(12) User=0.00s Sys=0.12s Real=0.25s
[2023-07-07T13:02:00.090+0300][1365.298s] GC(13) Pause Young (Normal) (G1 Evacuation Pause)
[2023-07-07T13:02:00.090+0300][1365.299s] GC(13) Using 4 workers of 4 for evacuation
[2023-07-07T13:02:00.210+0300][1365.419s] GC(13)   Pre Evacuate Collection Set: 2.8ms
[2023-07-07T13:02:00.211+0300][1365.419s] GC(13)   Merge Heap Roots: 2.0ms
[2023-07-07T13:02:00.211+0300][1365.419s] GC(13)   Evacuate Collection Set: 94.3ms
[2023-07-07T13:02:00.211+0300][1365.419s] GC(13)   Post Evacuate Collection Set: 20.1ms
[2023-07-07T13:02:00.211+0300][1365.419s] GC(13)   Other: 2.6ms
[2023-07-07T13:02:00.211+0300][1365.420s] GC(13) Eden regions: 165->0(334)
[2023-07-07T13:02:00.211+0300][1365.420s] GC(13) Survivor regions: 16->10(23)
[2023-07-07T13:02:00.211+0300][1365.420s] GC(13) Old regions: 69->78
[2023-07-07T13:02:00.211+0300][1365.420s] GC(13) Archive regions: 0->0
[2023-07-07T13:02:00.211+0300][1365.420s] GC(13) Humongous regions: 23->23
